  401218     2670 Code                ABERROR_TEXT
  403888      1B1 Code                ABFILE_TEXT
  403A3C      159 Code                ABFUZZY_TEXT
  403B98       91 Code                ABRESIZE_TEXT
  403C2C      133 Code                ABTOOLBA_TEXT
  403D60     19CC Code                ABUTIL_TEXT
  40572C     1C62 Code                ABWINDOW_TEXT
  407390       7C Code                CWSYNCHC_TEXT
  40740C      5C5 Code                DOTNETCOLORPICKERDEMO001_TEXT
  4079D4        9 Code                DOTNETCOLORPICKERDEMO_BC0_TEXT
  4079E0       13 Code                DOTNETCOLORPICKERDEMO_BC_TEXT
  4079F4       B0 Code                DOTNETCOLORPICKERDEMO_TEXT
  407AA4       23 Code                IEXE32_TEXT
  407AC8      26E Code                INIT_TEXT
  407D38        D Code                INST00_TEXT
  408000     1290 Initialized Data    $DEFAULTERRORS_DATA
  409290       23 Initialized Data    ABEIP_CONST
  4092B4       3C Initialized Data    ABEIP_DATA
  4092F0      16F Initialized Data    ABERROR_CONST
  409460      AA8 Initialized Data    ABERROR_DATA
  409F08        8 Initialized Data    ABFILE_CONST
  409F10      147 Initialized Data    ABFILE_DATA
  40A058       B4 Initialized Data    ABFUZZY_DATA
  40A10C       4C Initialized Data    ABTOOLBA_DATA
  40A158       61 Initialized Data    ABUTIL_CONST
  40A1BC       EB Initialized Data    ABUTIL_DATA
  40A2A8        4 Initialized Data    ABWINDOW_CONST
  40A2AC       3F Initialized Data    ABWINDOW_DATA
  40A2EC       48 Initialized Data    CWSYNCHC_DATA
  40A334       A5 Initialized Data    DOTNETCOLORPICKERDEMO001_CONST
  40A3DC      2D0 Initialized Data    DOTNETCOLORPICKERDEMO001_DATA
  40A6AC       1B Initialized Data    DOTNETCOLORPICKERDEMO_CONST
  40A6C8       1C Initialized Data    DOTNETCOLORPICKERDEMO_DATA
  40A6E4       44 Initialized Data    IEXE32_DATA
  40A728        0 Initialized Data    __CPPINI_CONS
  40A728      1DC Initialized Data    __CPPINI_CONST
  40A904        4 Initialized Data    __CPPINI_END
  40A908        0 Initialized Data    __INIVMT_CONS
  40A908       68 Initialized Data    __INIVMT_CONST
  40A970        0 Initialized Data    __INIVMT_CONST_END
  40A970     1623 Un-initialized Data $FUZZYMATCHER_BSS
  40BF94       40 Un-initialized Data ABEIP_BSS
  40BFD4      404 Un-initialized Data ABERROR_BSS
  40C3D8       10 Un-initialized Data ABFILE_BSS
  40C3E8        4 Un-initialized Data ABFUZZY_BSS
  40C3EC      104 Un-initialized Data ABUTIL_BSS
  40C4F0      14C Un-initialized Data DOTNETCOLORPICKERDEMO_BSS
  40D000        8 __T_L_S__DAT
  40D008       A8 __T_L_S__DATA
  40D0B0        0 __T_L_S__DATA_END
  40D0B0        0 __T_L_S__BS
  40D0B0     1C40 __T_L_S__BSS
  40ECF0        0 __T_L_S__BSS_END

  401334 KILL_@_WINDOWCOMPONENT_@_HISTHANDLERCLASS@F15WINDOWCOMPONENT
  401338 RESET_@_WINDOWCOMPONENT_@_HISTHANDLERCLASS@F15WINDOWCOMPONENTUc
  40133C RESETREQUIRED_@_WINDOWCOMPONENT_@_HISTHANDLERCLASS@F15WINDOWCOMPONENT
  401340 SETALERTS_@_WINDOWCOMPONENT_@_HISTHANDLERCLASS@F15WINDOWCOMPONENT
  401344 TAKEEVENT_@_WINDOWCOMPONENT_@_HISTHANDLERCLASS@F15WINDOWCOMPONENT
  40134C UPDATE_@_WINDOWCOMPONENT_@_HISTHANDLERCLASS@F15WINDOWCOMPONENT
  401350 UPDATEWINDOW_@_WINDOWCOMPONENT_@_HISTHANDLERCLASS@F15WINDOWCOMPONENT
  401364 VLBPROC@F16HISTHANDLERCLASSls
  401410 TAKEEVENT@F16HISTHANDLERCLASS
  4014D8 INIT@F16HISTHANDLERCLASSBw10ERRORCLASS16ERRORHISTORYLIST
  4014E4 _VLBPROC@F16HISTHANDLERCLASSls
  4014F4 TAKEACCEPTED@F11MSGBOXCLASS
  401530 SETUPADDITIONALFEQS@F11MSGBOXCLASS
  4015B8 KILL@F11MSGBOXCLASS
  4015F8 INIT@F11MSGBOXCLASS
  4018A8 INIT@F11MSGBOXCLASSBw10ERRORCLASSOsbllll
  401940 FETCHSTDBUTTON@F11MSGBOXCLASSs
  401974 GETALLSTATUSVARIABLES@F10ERRORCLASS16ERRORSTATUSGROUP
  4019A4 GETERRORBUFFERFATALITY@F10ERRORCLASS
  4019D4 GETERRORBUFFERTITLE@F10ERRORCLASS
  401A0C GETERRORBUFFERID@F10ERRORCLASS
  401A30 STOREERRORENTRY@F10ERRORCLASSUs
  401B60 GETHISTORYRESETONVIEW@F10ERRORCLASS
  401BAC SETHISTORYRESETONVIEW@F10ERRORCLASSUc
  401BF4 GETHISTORYVIEWLEVEL@F10ERRORCLASS
  401C40 SETHISTORYVIEWLEVEL@F10ERRORCLASSl
  401C88 GETHISTORYTHRESHOLD@F10ERRORCLASS
  401CD4 SETHISTORYTHRESHOLD@F10ERRORCLASSl
  401D1C GETLOGERRORS@F10ERRORCLASS
  401D68 GETSILENT@F10ERRORCLASS
  401DB4 SETDEFAULTCATEGORY@F10ERRORCLASSsa
  401DFC GETDEFAULTCATEGORY@F10ERRORCLASS
  401E48 VIEWHISTORY@F10ERRORCLASS
  401E74 THROW@F10ERRORCLASSs
  401E88 TAKEUSER@F10ERRORCLASS
  401EE4 TAKEPROGRAM@F10ERRORCLASS
  401EEC TAKEOTHER@F10ERRORCLASS
  401EF4 TAKENOTIFY@F10ERRORCLASS
  401F40 TAKEFATAL@F10ERRORCLASS
  401FCC TAKEERROR@F10ERRORCLASSs
  4021D0 TAKEBENIGN@F10ERRORCLASS
  4021D4 SUBSSTRING@F10ERRORCLASS
  402588 SETPROCEDURENAME@F10ERRORCLASSOsb
  402638 GETERRORENTRY@F10ERRORCLASSUs15ERRORENTRYGROUPl
  4026DC GETERRORENTRY@F10ERRORCLASSUs15ERRORENTRYGROUP
  402710 SETID@F10ERRORCLASSUsl
  402748 SETID@F10ERRORCLASSUs
  402764 SETERRORS@F10ERRORCLASS
  4027E8 SETERRORLOG@F10ERRORCLASS17ERRORLOGINTERFACE
  402888 SETCATEGORY@F10ERRORCLASSssa
  4028D4 RESETHISTORY@F10ERRORCLASS
  4028FC REMOVEERROR@F10ERRORCLASSUs
  40293C MESSAGEBOX@F10ERRORCLASSUcsbOsbOsblll
  4029D4 MSG@F10ERRORCLASSsbOsbOsblll
  402D20 MESSAGE@F10ERRORCLASSsll
  402D84 KILL@F10ERRORCLASS
  402E28 INIT@F10ERRORCLASS16ERRORSTATUSCLASS
  402E84 INIT@F10ERRORCLASS
  402F58 HISTORYMSG@F10ERRORCLASSsblll
  403118 GETPROCEDURENAME@F10ERRORCLASS
  4031EC GETCATEGORY@F10ERRORCLASSs
  403274 ADDHISTORY@F10ERRORCLASS
  4032A4 ADDERRORS@F10ERRORCLASS10ERRORBLOCK
  403450 ADDERROR@F10ERRORCLASSUsRsbRsbUcsa
  4034FC DESTRUCT@F10ERRORCLASS
  403518 CONSTRUCT@F10ERRORCLASS
  403530 DESTRUCT@F16ERRORSTATUSCLASS
  403564 CONSTRUCT@F16ERRORSTATUSCLASS
  40369C CLOSE_@_ERRORLOGINTERFACE_@_STANDARDERRORLOGCLASS@F17ERRORLOGINTERFACEUc
  4036A4 OPEN_@_ERRORLOGINTERFACE_@_STANDARDERRORLOGCLASS@F17ERRORLOGINTERFACEUc
  4036AC TAKE_@_ERRORLOGINTERFACE_@_STANDARDERRORLOGCLASS@F17ERRORLOGINTERFACEsb
  403750 CLOSE@F21STANDARDERRORLOGCLASSUc
  4037CC OPEN@F21STANDARDERRORLOGCLASSUc
  403874 DESTRUCT@F21STANDARDERRORLOGCLASS
  403880 CONSTRUCT@F21STANDARDERRORLOGCLASS
  4038A4 DESTRUCT@F12FILESMANAGER
  4038E4 CONSTRUCT@F12FILESMANAGER
  403914 TRYREGET@F11FILEMANAGERsb
  4039BC POSITION@F11FILEMANAGER
  403A3C SETOPTION@F10FUZZYCLASSUcUc
  403AA0 KILL@F10FUZZYCLASS
  403AA4 INIT@F10FUZZYCLASS
  403AB8 CONSTRUCT@F10FUZZYCLASS
  403B98 TAKERESIZE@F17WINDOWRESIZECLASS
  403BA0 KILL@F17WINDOWRESIZECLASS
  403C2C TAKEEVENT@F12TOOLBARCLASSPl13WINDOWMANAGER
  403C58 SETTARGET@F12TOOLBARCLASSl
  403D00 KILL@F12TOOLBARCLASS
  403D18 INIT@F12TOOLBARCLASS
  403D38 DISPLAYBUTTONS@F12TOOLBARCLASS
  403D60 UPDATEQUEUE@F8INICLASSsbsbBqRuPuPuPu
  403F84 UPDATE@F8INICLASSsbsbsb
  404040 UPDATE@F8INICLASSsbBw
  404220 UPDATE@F8INICLASS
  404224 TRYFETCH@F8INICLASSsbsb
  40429C REMOVE@F8INICLASSsbsb
  404404 KILL@F8INICLASS
  40453C INIT@F8INICLASSsbll
  404654 FETCHQUEUE@F8INICLASSsbsbBqRuPuPuPu
  4048C8 FETCHFIELD@F8INICLASSsbsbUc
  404A08 FETCH@F8INICLASSsbsbRu
  404ACC FETCH@F8INICLASSsbBw
  404D2C FETCH@F8INICLASSsbsb
  404E04 FETCH@F8INICLASS
  404E08 UPDATEWINDOWINFO@F8INICLASSsb10WINDOWINFO
  405074 FETCHWINDOWINFO@F8INICLASSsb10WINDOWINFO
  4052EC UPDATE@F8INICLASSsbsbsbsb
  4054D8 FETCH@F8INICLASSsbsbsbsb
  4056FC DESTRUCT@F8INICLASS
  405718 CONSTRUCT@F8INICLASS
  405810 ONCLOSEEVENTCANCELLED@F13WINDOWMANAGER
  405828 SAVEONINSERTACTION@F13WINDOWMANAGER
  4058CC SAVEONCHANGEACTION@F13WINDOWMANAGER
  4059E4 DELETEACTION@F13WINDOWMANAGER
  405B98 CHANGEACTION@F13WINDOWMANAGER
  405F08 INSERTACTION@F13WINDOWMANAGER
  4060F8 TAKEDISABLEBUTTON@F13WINDOWMANAGERlUc
  406120 UPDATE@F13WINDOWMANAGER
  40615C TAKEWINDOWEVENT@F13WINDOWMANAGER
  406384 TAKESELECTED@F13WINDOWMANAGER
  406388 TAKEREJECTED@F13WINDOWMANAGER
  4063C4 TAKENOTIFY@F13WINDOWMANAGERlll
  4063C8 TAKENEWSELECTION@F13WINDOWMANAGER
  406448 TAKEFIELDEVENT@F13WINDOWMANAGER
  40644C TAKEEVENT@F13WINDOWMANAGER
  406600 TAKECLOSEEVENT@F13WINDOWMANAGER
  406780 TAKECOMPLETED@F13WINDOWMANAGER
  406858 TAKEACCEPTED@F13WINDOWMANAGER
  406944 SETRESPONSE@F13WINDOWMANAGERUc
  406990 SETALERTS@F13WINDOWMANAGER
  406A40 SAVEHISTORY@F13WINDOWMANAGER
  406AE8 RUN@F13WINDOWMANAGERUsUc
  406AEC RUN@F13WINDOWMANAGER
  406B38 RESTOREFIELD@F13WINDOWMANAGERl
  406C0C RESETBUFFERS@F13WINDOWMANAGERUc
  406C70 RESET@F13WINDOWMANAGERUc
  406CF8 PRIMEUPDATE@F13WINDOWMANAGER
  406E3C PRIMEFIELDS@F13WINDOWMANAGER
  406E40 POSTCOMPLETED@F13WINDOWMANAGER
  406ED8 OPEN@F13WINDOWMANAGERBwBw
  406F20 OPEN@F13WINDOWMANAGER
  406F64 MODALEVENT@F13WINDOWMANAGER
  407048 KILL@F13WINDOWMANAGER
  40719C INIT@F13WINDOWMANAGER
  407218 ASK@F13WINDOWMANAGER
  40727C ADDITEM@F13WINDOWMANAGER15WINDOWCOMPONENT
  4072A8 ADDITEM@F13WINDOWMANAGER12TOOLBARCLASS
  4072BC ADDITEM@F13WINDOWMANAGERlUc
  4072E0 DISABLECANCELCONTROLS@F13WINDOWMANAGER
  407338 ENABLECANCELCONTROLS@F13WINDOWMANAGER
  407390 DESTRUCT@F15CRITICALSECTION
  4073A4 CONSTRUCT@F15CRITICALSECTION
  4073B8 KILL@F17CRITICALPROCEDURE
  4073DC INIT@F17CRITICALPROCEDURE11ISYNCOBJECT
  4073FC DESTRUCT@F17CRITICALPROCEDURE
  407404 CONSTRUCT@F17CRITICALPROCEDURE
  407738 DOTNETCOLORPICKERDEMO001$MAINOLEPROPEDIT@Flsb
  40775C DOTNETCOLORPICKERDEMO001$MAINOLEPROPCHANGE@Flsb
  407778 DOTNETCOLORPICKERDEMO001$MAINOLEEVENTHANDLER@FRsll
  40783C DOTNETCOLORPICKERDEMO001$MAINOLE:2PROPEDIT@Flsb
  407860 DOTNETCOLORPICKERDEMO001$MAINOLE:2PROPCHANGE@Flsb
  40787C DOTNETCOLORPICKERDEMO001$MAINOLE:2EVENTHANDLER@FRsll
  407940 MAIN@F
  4079D4 DOTNETCOLORPICKERDEMO_BC0$DOTNETCOLORPICKERDEMO_BC0:FILESINIT@F
  4079D8 DOTNETCOLORPICKERDEMO_BC0$DOTNETCOLORPICKERDEMO_BC0:DCTKILL@F
  4079DC DOTNETCOLORPICKERDEMO_BC0$DOTNETCOLORPICKERDEMO_BC0:DCTINIT@F
  4079E0 DCTKILL@F
  4079E8 DCTINIT@F
  4079F4 _main
  407A8C DESTRUCT@F10DICTIONARY
  407A94 CONSTRUCT@F10DICTIONARY
  407D38 __thr_inst0
  408000 $DEFAULTERRORS
  4092B4 TYPE$COLORMAP
  4092E0 TCB$COLORMAP
  409460 STDERRORFILE$TYPE$RECORD
  409478 $STDERRORFILE
  4094F4 TYPE$PNQ
  409514 TYPE$DEFAULTERRORS
  409794 TYPE$HISTHANDLERCLASS
  4097DC VMT$HISTHANDLERCLASS
  40980C TYPE$MSGBOXCLASS
  409A84 VMT$MSGBOXCLASS
  409B10 TYPE$ERRORCLASS
  409D6C VMT$ERRORCLASS
  409DB8 TYPE$STANDARDERRORLOGCLASS
  409DF0 VMT$STANDARDERRORLOGCLASS
  409E08 TYPE$ERRORSTATUSCLASS
  409EFC VMT$ERRORSTATUSCLASS
  409F10 TYPE$UNTHREADEDFILEOPENERMAP
  409F34 TCB$UNTHREADEDFILEOPENERMAP
  409F44 TYPE$FILESMANAGER
  409F88 VMT$FILESMANAGER
  409F94 TYPE$FILEMAPPING_T
  409FC0 TYPE$FILEMAPPING_R
  409FF0 TYPE$STATUSQ_T
  40A058 TYPE$FUZZYCLASS
  40A100 VMT$FUZZYCLASS
  40A10C TYPE$TOOLBARTARGETQUEUE
  40A128 TYPE$TOOLBARCLASS
  40A140 VMT$TOOLBARCLASS
  40A1D4 TYPE$INICLASS
  40A21C VMT$INICLASS
  40A2AC TYPE$BUTTONLIST
  40A2D0 TYPE$COMPONENTLIST
  40A2EC TYPE$CRITICALSECTION
  40A304 VMT$CRITICALSECTION
  40A310 TYPE$CRITICALPROCEDURE
  40A328 VMT$CRITICALPROCEDURE
  40A6C8 TYPE$DICTIONARY
  40A6D8 VMT$DICTIONARY
  40A908 VMTP$DICTIONARY
  40A918 VMTP$FILESMANAGER
  40A920 VMTP$INICLASS
  40A928 VMTP$TOOLBARCLASS
  40A930 VMTP$HISTHANDLERCLASS
  40A938 VMTP$MSGBOXCLASS
  40A940 VMTP$ERRORCLASS
  40A948 VMTP$STANDARDERRORLOGCLASS
  40A950 VMTP$ERRORSTATUSCLASS
  40A958 VMTP$FUZZYCLASS
  40A960 VMTP$CRITICALSECTION
  40A968 VMTP$CRITICALPROCEDURE
  40A970 $FUZZYMATCHER
  40BF94 $COLORMAP
  40BFCC $MULTIWINDOW
  40BFD0 $TXTWINDOW
  40BFD4 $WINDOW
  40BFD8 STDERRORFILE$RECORD
  40C3D8 $UNTHREADEDFILEOPENERMAP
  40C3E0 $CREATEOPENERCRIT
  40C4F0 $GLOBALERRORS
  40C524 $INIMGR
  40D0B0 $GLOBALERRORSTATUS
  40E3D4 $GLOBALREQUEST
  40E3D8 $GLOBALRESPONSE
  40E3DC $VCRREQUEST
  40E3E0 $DICTIONARY
  40E3E4 $FILESMANAGER
  40E3FC $SZDBTEXTLOG
  40F000 __import_section_start
  40FE64 __import_section_end

Imports
ClaASC.dll:ASCII 40F058
ClaOLE.dll:Cla$HookOle 40F07C
ClaOLE.dll:OcxGetParam 40F080,401000
ClaOLE.dll:OcxGetParamCount 40F084,401008
ClaOLE.dll:OcxRegisterEventProc 40F088,401010
ClaOLE.dll:OcxRegisterPropChange 40F08C,401018
ClaOLE.dll:OcxRegisterPropEdit 40F090,401020
ClaRUN.dll:Cla$ACCEPTED 40F27C,401028
ClaRUN.dll:Cla$ADDqueue 40F280
ClaRUN.dll:Cla$AssignRefUfo 40F284
ClaRUN.dll:Cla$BEEP 40F288,401030
ClaRUN.dll:Cla$CLEAR 40F28C
ClaRUN.dll:Cla$clearstr 40F290
ClaRUN.dll:Cla$CLOCK 40F294,401038
ClaRUN.dll:Cla$CLOSEwindow 40F298,401040
ClaRUN.dll:Cla$code 40F29C
ClaRUN.dll:Cla$comparestr 40F2A0
ClaRUN.dll:Cla$DecDistinct 40F2A4
ClaRUN.dll:Cla$DecDistinctR 40F2A8
ClaRUN.dll:Cla$DELETEqueue 40F2AC,401048
ClaRUN.dll:Cla$DELETEREG 40F2B0,401050
ClaRUN.dll:Cla$DISABLE 40F2B4,401058
ClaRUN.dll:Cla$DISPLAY 40F2B8,401060
ClaRUN.dll:Cla$DISPOSEqueue 40F2BC
ClaRUN.dll:Cla$DISPOSEref 40F2C0
ClaRUN.dll:Cla$Dlongpower 40F2C4
ClaRUN.dll:Cla$DoProp 40F2C8
ClaRUN.dll:Cla$DPopLong 40F2CC
ClaRUN.dll:Cla$DPushLong 40F2D0
ClaRUN.dll:Cla$ENABLE 40F2D4,401068
ClaRUN.dll:Cla$EndEventLoop 40F2D8
ClaRUN.dll:Cla$ERRORCODE 40F2DC,401070
ClaRUN.dll:Cla$EVENT 40F2E0,401078
ClaRUN.dll:Cla$FIELD 40F2E4,401080
ClaRUN.dll:Cla$FILEERRORCODE 40F2E8,401088
ClaRUN.dll:Cla$FILEERRORMSG 40F2EC,401090
ClaRUN.dll:Cla$FileExists 40F2F0,401098
ClaRUN.dll:Cla$FILE_ADDf 40F2F4
ClaRUN.dll:Cla$FILE_CLOSE 40F2F8,4010A0
ClaRUN.dll:Cla$FILE_CREATE 40F2FC
ClaRUN.dll:CLA$FILE_DESTROY 40F300
ClaRUN.dll:Cla$FILE_NAME 40F304,4010A8
ClaRUN.dll:Cla$FILE_OPEN 40F308,4010B0
ClaRUN.dll:Cla$FILE_POSITIONf 40F30C,4010B8
ClaRUN.dll:Cla$FILE_POSITIONk 40F310,4010C0
ClaRUN.dll:Cla$FILE_REGETf 40F314,4010C8
ClaRUN.dll:Cla$FILE_REGETk 40F318,4010D0
ClaRUN.dll:Cla$FOCUS 40F31C,4010D8
ClaRUN.dll:Cla$FREEqueue 40F320
ClaRUN.dll:Cla$FREEqueuea 40F324,4010E0
ClaRUN.dll:Cla$freestr 40F328
ClaRUN.dll:Cla$FreeUfo 40F32C
ClaRUN.dll:Cla$freewindow 40F330
ClaRUN.dll:Cla$GETINI 40F334,4010E8
ClaRUN.dll:Cla$GetPropS 40F338
ClaRUN.dll:Cla$GETqueuekey 40F33C,4010F0
ClaRUN.dll:Cla$GETqueueptr 40F340
ClaRUN.dll:Cla$GETREG 40F344,4010F8
ClaRUN.dll:Cla$HALT 40F348,401100
ClaRUN.dll:Cla$init 40F34C
ClaRUN.dll:Cla$INSTANCE 40F350,401108
ClaRUN.dll:Cla$KEYCODE 40F354,401110
ClaRUN.dll:Cla$longtostr 40F358
ClaRUN.dll:Cla$Mem2Ufo 40F35C
ClaRUN.dll:Cla$MessageBox 40F360,401118
ClaRUN.dll:Cla$NewMemB 40F364
ClaRUN.dll:Cla$NewMemT 40F368
ClaRUN.dll:Cla$NEWqueue 40F36C
ClaRUN.dll:Cla$NOTIFICATION 40F370,401120
ClaRUN.dll:Cla$OPENowned 40F374,401128
ClaRUN.dll:Cla$OPENwindow 40F378,401130
ClaRUN.dll:Cla$POINTERqueue 40F37C,401138
ClaRUN.dll:Cla$PopAString 40F380
ClaRUN.dll:Cla$PopBind 40F384,401140
ClaRUN.dll:Cla$PopCString 40F388
ClaRUN.dll:Cla$PopString 40F38C
ClaRUN.dll:Cla$PopTemp 40F390
ClaRUN.dll:Cla$POST 40F394,401148
ClaRUN.dll:Cla$PushAString 40F398
ClaRUN.dll:Cla$PushBind 40F39C,401150
ClaRUN.dll:Cla$PushCString 40F3A0
ClaRUN.dll:Cla$PushLong 40F3A4
ClaRUN.dll:Cla$PushPictLong 40F3A8
ClaRUN.dll:Cla$PushString 40F3AC
ClaRUN.dll:Cla$PushUfo 40F3B0
ClaRUN.dll:Cla$PUTINI 40F3B4,401158
ClaRUN.dll:Cla$PUTqueue 40F3B8
ClaRUN.dll:Cla$PUTREG 40F3BC,401160
ClaRUN.dll:Cla$pwopen 40F3C0,401168
ClaRUN.dll:Cla$RECORDSqueue 40F3C4,401170
ClaRUN.dll:Cla$RefAssignAny 40F3C8
ClaRUN.dll:Cla$SELECT 40F3CC,401178
ClaRUN.dll:Cla$SETCURSOR 40F3D0,401180
ClaRUN.dll:Cla$SETKEYCODE 40F3D4,401188
ClaRUN.dll:Cla$SetPropS 40F3D8
ClaRUN.dll:Cla$SetPropV 40F3DC
ClaRUN.dll:Cla$Stack2DStack 40F3E0
ClaRUN.dll:Cla$Stack2Ufo 40F3E4
ClaRUN.dll:Cla$StackCLIP 40F3E8,401190
ClaRUN.dll:Cla$StackCompareN 40F3EC
ClaRUN.dll:Cla$StackCompareNEQ 40F3F0
ClaRUN.dll:Cla$StackConcat 40F3F4
ClaRUN.dll:Cla$StackConcatR 40F3F8
ClaRUN.dll:Cla$StackErrstr 40F3FC,401198
ClaRUN.dll:Cla$StackHeap 40F400
ClaRUN.dll:Cla$StackINSTRING 40F404,4011A0
ClaRUN.dll:Cla$StackLen 40F408,4011A8
ClaRUN.dll:Cla$STACKpop 40F40C
ClaRUN.dll:Cla$StackRotate 40F410
ClaRUN.dll:Cla$StackSUB 40F414,4011B0
ClaRUN.dll:Cla$StackUPPER 40F418,4011B8
ClaRUN.dll:Cla$StartEventLoop 40F41C
ClaRUN.dll:Cla$storecstr 40F420
ClaRUN.dll:Cla$storestr 40F424
ClaRUN.dll:Cla$THREAD 40F428,4011C0
ClaRUN.dll:Cla$TODAY 40F42C,4011C8
ClaRUN.dll:Cla$UNHIDE 40F430,4011D0
ClaRUN.dll:Cla$UNREGISTEREVENT 40F434,4011D8
ClaRUN.dll:Cla$WHAT 40F438,4011E0
ClaRUN.dll:Cla$YIELD 40F43C,4011E8
ClaRUN.dll:NewCriticalSection 40F440,4011F0
ClaRUN.dll:THR$GetInstance 40F444,4011F8
ClaRUN.dll:_exit 40F448,401200
ClaRUN.dll:_free 40F44C
ClaRUN.dll:_malloc 40F450
ClaRUN.dll:__sysinit 40F454,401208
ClaRUN.dll:__sysstart 40F458,401210



Entry Point:   407AA4