  401210     2670 Code                ABERROR_TEXT
  403880      1B1 Code                ABFILE_TEXT
  403A34      159 Code                ABFUZZY_TEXT
  403B90       91 Code                ABRESIZE_TEXT
  403C24      133 Code                ABTOOLBA_TEXT
  403D58     19CC Code                ABUTIL_TEXT
  405724     1C62 Code                ABWINDOW_TEXT
  407388       7C Code                CWSYNCHC_TEXT
  407404      3B1 Code                DOTNETCOLORPICKERDEMO001_TEXT
  4077B8        9 Code                DOTNETCOLORPICKERDEMO_BC0_TEXT
  4077C4       13 Code                DOTNETCOLORPICKERDEMO_BC_TEXT
  4077D8       B0 Code                DOTNETCOLORPICKERDEMO_TEXT
  407888       23 Code                IEXE32_TEXT
  4078AC      26E Code                INIT_TEXT
  407B1C        D Code                INST00_TEXT
  408000     1290 Initialized Data    $DEFAULTERRORS_DATA
  409290       23 Initialized Data    ABEIP_CONST
  4092B4       3C Initialized Data    ABEIP_DATA
  4092F0      16F Initialized Data    ABERROR_CONST
  409460      AA8 Initialized Data    ABERROR_DATA
  409F08        9 Initialized Data    ABFILE_CONST
  409F14      147 Initialized Data    ABFILE_DATA
  40A05C       B4 Initialized Data    ABFUZZY_DATA
  40A110       4C Initialized Data    ABTOOLBA_DATA
  40A15C       61 Initialized Data    ABUTIL_CONST
  40A1C0       EB Initialized Data    ABUTIL_DATA
  40A2AC        4 Initialized Data    ABWINDOW_CONST
  40A2B0       3F Initialized Data    ABWINDOW_DATA
  40A2F0       48 Initialized Data    CWSYNCHC_DATA
  40A338       64 Initialized Data    DOTNETCOLORPICKERDEMO001_CONST
  40A39C      2B0 Initialized Data    DOTNETCOLORPICKERDEMO001_DATA
  40A64C       1B Initialized Data    DOTNETCOLORPICKERDEMO_CONST
  40A668       1C Initialized Data    DOTNETCOLORPICKERDEMO_DATA
  40A684       44 Initialized Data    IEXE32_DATA
  40A6C8        0 Initialized Data    __CPPINI_CONS
  40A6C8      1DC Initialized Data    __CPPINI_CONST
  40A8A4        4 Initialized Data    __CPPINI_END
  40A8A8        0 Initialized Data    __INIVMT_CONS
  40A8A8       68 Initialized Data    __INIVMT_CONST
  40A910        0 Initialized Data    __INIVMT_CONST_END
  40A910     1623 Un-initialized Data $FUZZYMATCHER_BSS
  40BF34       40 Un-initialized Data ABEIP_BSS
  40BF74      404 Un-initialized Data ABERROR_BSS
  40C378       10 Un-initialized Data ABFILE_BSS
  40C388        4 Un-initialized Data ABFUZZY_BSS
  40C38C      104 Un-initialized Data ABUTIL_BSS
  40C490      14C Un-initialized Data DOTNETCOLORPICKERDEMO_BSS
  40D000        8 __T_L_S__DAT
  40D008       A8 __T_L_S__DATA
  40D0B0        0 __T_L_S__DATA_END
  40D0B0        0 __T_L_S__BS
  40D0B0     1C40 __T_L_S__BSS
  40ECF0        0 __T_L_S__BSS_END

  40132C KILL_@_WINDOWCOMPONENT_@_HISTHANDLERCLASS@F15WINDOWCOMPONENT
  401330 RESET_@_WINDOWCOMPONENT_@_HISTHANDLERCLASS@F15WINDOWCOMPONENTUc
  401334 RESETREQUIRED_@_WINDOWCOMPONENT_@_HISTHANDLERCLASS@F15WINDOWCOMPONENT
  401338 SETALERTS_@_WINDOWCOMPONENT_@_HISTHANDLERCLASS@F15WINDOWCOMPONENT
  40133C TAKEEVENT_@_WINDOWCOMPONENT_@_HISTHANDLERCLASS@F15WINDOWCOMPONENT
  401344 UPDATE_@_WINDOWCOMPONENT_@_HISTHANDLERCLASS@F15WINDOWCOMPONENT
  401348 UPDATEWINDOW_@_WINDOWCOMPONENT_@_HISTHANDLERCLASS@F15WINDOWCOMPONENT
  40135C VLBPROC@F16HISTHANDLERCLASSls
  401408 TAKEEVENT@F16HISTHANDLERCLASS
  4014D0 INIT@F16HISTHANDLERCLASSBw10ERRORCLASS16ERRORHISTORYLIST
  4014DC _VLBPROC@F16HISTHANDLERCLASSls
  4014EC TAKEACCEPTED@F11MSGBOXCLASS
  401528 SETUPADDITIONALFEQS@F11MSGBOXCLASS
  4015B0 KILL@F11MSGBOXCLASS
  4015F0 INIT@F11MSGBOXCLASS
  4018A0 INIT@F11MSGBOXCLASSBw10ERRORCLASSOsbllll
  401938 FETCHSTDBUTTON@F11MSGBOXCLASSs
  40196C GETALLSTATUSVARIABLES@F10ERRORCLASS16ERRORSTATUSGROUP
  40199C GETERRORBUFFERFATALITY@F10ERRORCLASS
  4019CC GETERRORBUFFERTITLE@F10ERRORCLASS
  401A04 GETERRORBUFFERID@F10ERRORCLASS
  401A28 STOREERRORENTRY@F10ERRORCLASSUs
  401B58 GETHISTORYRESETONVIEW@F10ERRORCLASS
  401BA4 SETHISTORYRESETONVIEW@F10ERRORCLASSUc
  401BEC GETHISTORYVIEWLEVEL@F10ERRORCLASS
  401C38 SETHISTORYVIEWLEVEL@F10ERRORCLASSl
  401C80 GETHISTORYTHRESHOLD@F10ERRORCLASS
  401CCC SETHISTORYTHRESHOLD@F10ERRORCLASSl
  401D14 GETLOGERRORS@F10ERRORCLASS
  401D60 GETSILENT@F10ERRORCLASS
  401DAC SETDEFAULTCATEGORY@F10ERRORCLASSsa
  401DF4 GETDEFAULTCATEGORY@F10ERRORCLASS
  401E40 VIEWHISTORY@F10ERRORCLASS
  401E6C THROW@F10ERRORCLASSs
  401E80 TAKEUSER@F10ERRORCLASS
  401EDC TAKEPROGRAM@F10ERRORCLASS
  401EE4 TAKEOTHER@F10ERRORCLASS
  401EEC TAKENOTIFY@F10ERRORCLASS
  401F38 TAKEFATAL@F10ERRORCLASS
  401FC4 TAKEERROR@F10ERRORCLASSs
  4021C8 TAKEBENIGN@F10ERRORCLASS
  4021CC SUBSSTRING@F10ERRORCLASS
  402580 SETPROCEDURENAME@F10ERRORCLASSOsb
  402630 GETERRORENTRY@F10ERRORCLASSUs15ERRORENTRYGROUPl
  4026D4 GETERRORENTRY@F10ERRORCLASSUs15ERRORENTRYGROUP
  402708 SETID@F10ERRORCLASSUsl
  402740 SETID@F10ERRORCLASSUs
  40275C SETERRORS@F10ERRORCLASS
  4027E0 SETERRORLOG@F10ERRORCLASS17ERRORLOGINTERFACE
  402880 SETCATEGORY@F10ERRORCLASSssa
  4028CC RESETHISTORY@F10ERRORCLASS
  4028F4 REMOVEERROR@F10ERRORCLASSUs
  402934 MESSAGEBOX@F10ERRORCLASSUcsbOsbOsblll
  4029CC MSG@F10ERRORCLASSsbOsbOsblll
  402D18 MESSAGE@F10ERRORCLASSsll
  402D7C KILL@F10ERRORCLASS
  402E20 INIT@F10ERRORCLASS16ERRORSTATUSCLASS
  402E7C INIT@F10ERRORCLASS
  402F50 HISTORYMSG@F10ERRORCLASSsblll
  403110 GETPROCEDURENAME@F10ERRORCLASS
  4031E4 GETCATEGORY@F10ERRORCLASSs
  40326C ADDHISTORY@F10ERRORCLASS
  40329C ADDERRORS@F10ERRORCLASS10ERRORBLOCK
  403448 ADDERROR@F10ERRORCLASSUsRsbRsbUcsa
  4034F4 DESTRUCT@F10ERRORCLASS
  403510 CONSTRUCT@F10ERRORCLASS
  403528 DESTRUCT@F16ERRORSTATUSCLASS
  40355C CONSTRUCT@F16ERRORSTATUSCLASS
  403694 CLOSE_@_ERRORLOGINTERFACE_@_STANDARDERRORLOGCLASS@F17ERRORLOGINTERFACEUc
  40369C OPEN_@_ERRORLOGINTERFACE_@_STANDARDERRORLOGCLASS@F17ERRORLOGINTERFACEUc
  4036A4 TAKE_@_ERRORLOGINTERFACE_@_STANDARDERRORLOGCLASS@F17ERRORLOGINTERFACEsb
  403748 CLOSE@F21STANDARDERRORLOGCLASSUc
  4037C4 OPEN@F21STANDARDERRORLOGCLASSUc
  40386C DESTRUCT@F21STANDARDERRORLOGCLASS
  403878 CONSTRUCT@F21STANDARDERRORLOGCLASS
  40389C DESTRUCT@F12FILESMANAGER
  4038DC CONSTRUCT@F12FILESMANAGER
  40390C TRYREGET@F11FILEMANAGERsb
  4039B4 POSITION@F11FILEMANAGER
  403A34 SETOPTION@F10FUZZYCLASSUcUc
  403A98 KILL@F10FUZZYCLASS
  403A9C INIT@F10FUZZYCLASS
  403AB0 CONSTRUCT@F10FUZZYCLASS
  403B90 TAKERESIZE@F17WINDOWRESIZECLASS
  403B98 KILL@F17WINDOWRESIZECLASS
  403C24 TAKEEVENT@F12TOOLBARCLASSPl13WINDOWMANAGER
  403C50 SETTARGET@F12TOOLBARCLASSl
  403CF8 KILL@F12TOOLBARCLASS
  403D10 INIT@F12TOOLBARCLASS
  403D30 DISPLAYBUTTONS@F12TOOLBARCLASS
  403D58 UPDATEQUEUE@F8INICLASSsbsbBqRuPuPuPu
  403F7C UPDATE@F8INICLASSsbsbsb
  404038 UPDATE@F8INICLASSsbBw
  404218 UPDATE@F8INICLASS
  40421C TRYFETCH@F8INICLASSsbsb
  404294 REMOVE@F8INICLASSsbsb
  4043FC KILL@F8INICLASS
  404534 INIT@F8INICLASSsbll
  40464C FETCHQUEUE@F8INICLASSsbsbBqRuPuPuPu
  4048C0 FETCHFIELD@F8INICLASSsbsbUc
  404A00 FETCH@F8INICLASSsbsbRu
  404AC4 FETCH@F8INICLASSsbBw
  404D24 FETCH@F8INICLASSsbsb
  404DFC FETCH@F8INICLASS
  404E00 UPDATEWINDOWINFO@F8INICLASSsb10WINDOWINFO
  40506C FETCHWINDOWINFO@F8INICLASSsb10WINDOWINFO
  4052E4 UPDATE@F8INICLASSsbsbsbsb
  4054D0 FETCH@F8INICLASSsbsbsbsb
  4056F4 DESTRUCT@F8INICLASS
  405710 CONSTRUCT@F8INICLASS
  405808 ONCLOSEEVENTCANCELLED@F13WINDOWMANAGER
  405820 SAVEONINSERTACTION@F13WINDOWMANAGER
  4058C4 SAVEONCHANGEACTION@F13WINDOWMANAGER
  4059DC DELETEACTION@F13WINDOWMANAGER
  405B90 CHANGEACTION@F13WINDOWMANAGER
  405F00 INSERTACTION@F13WINDOWMANAGER
  4060F0 TAKEDISABLEBUTTON@F13WINDOWMANAGERlUc
  406118 UPDATE@F13WINDOWMANAGER
  406154 TAKEWINDOWEVENT@F13WINDOWMANAGER
  40637C TAKESELECTED@F13WINDOWMANAGER
  406380 TAKEREJECTED@F13WINDOWMANAGER
  4063BC TAKENOTIFY@F13WINDOWMANAGERlll
  4063C0 TAKENEWSELECTION@F13WINDOWMANAGER
  406440 TAKEFIELDEVENT@F13WINDOWMANAGER
  406444 TAKEEVENT@F13WINDOWMANAGER
  4065F8 TAKECLOSEEVENT@F13WINDOWMANAGER
  406778 TAKECOMPLETED@F13WINDOWMANAGER
  406850 TAKEACCEPTED@F13WINDOWMANAGER
  40693C SETRESPONSE@F13WINDOWMANAGERUc
  406988 SETALERTS@F13WINDOWMANAGER
  406A38 SAVEHISTORY@F13WINDOWMANAGER
  406AE0 RUN@F13WINDOWMANAGERUsUc
  406AE4 RUN@F13WINDOWMANAGER
  406B30 RESTOREFIELD@F13WINDOWMANAGERl
  406C04 RESETBUFFERS@F13WINDOWMANAGERUc
  406C68 RESET@F13WINDOWMANAGERUc
  406CF0 PRIMEUPDATE@F13WINDOWMANAGER
  406E34 PRIMEFIELDS@F13WINDOWMANAGER
  406E38 POSTCOMPLETED@F13WINDOWMANAGER
  406ED0 OPEN@F13WINDOWMANAGERBwBw
  406F18 OPEN@F13WINDOWMANAGER
  406F5C MODALEVENT@F13WINDOWMANAGER
  407040 KILL@F13WINDOWMANAGER
  407194 INIT@F13WINDOWMANAGER
  407210 ASK@F13WINDOWMANAGER
  407274 ADDITEM@F13WINDOWMANAGER15WINDOWCOMPONENT
  4072A0 ADDITEM@F13WINDOWMANAGER12TOOLBARCLASS
  4072B4 ADDITEM@F13WINDOWMANAGERlUc
  4072D8 DISABLECANCELCONTROLS@F13WINDOWMANAGER
  407330 ENABLECANCELCONTROLS@F13WINDOWMANAGER
  407388 DESTRUCT@F15CRITICALSECTION
  40739C CONSTRUCT@F15CRITICALSECTION
  4073B0 KILL@F17CRITICALPROCEDURE
  4073D4 INIT@F17CRITICALPROCEDURE11ISYNCOBJECT
  4073F4 DESTRUCT@F17CRITICALPROCEDURE
  4073FC CONSTRUCT@F17CRITICALPROCEDURE
  40765C DOTNETCOLORPICKERDEMO001$MAINOLEPROPEDIT@Flsb
  407680 DOTNETCOLORPICKERDEMO001$MAINOLEPROPCHANGE@Flsb
  40769C DOTNETCOLORPICKERDEMO001$MAINOLEEVENTHANDLER@FRsll
  4076DC DOTNETCOLORPICKERDEMO001$MAINOLE:2PROPEDIT@Flsb
  407700 DOTNETCOLORPICKERDEMO001$MAINOLE:2PROPCHANGE@Flsb
  40771C DOTNETCOLORPICKERDEMO001$MAINOLE:2EVENTHANDLER@FRsll
  407724 MAIN@F
  4077B8 DOTNETCOLORPICKERDEMO_BC0$DOTNETCOLORPICKERDEMO_BC0:FILESINIT@F
  4077BC DOTNETCOLORPICKERDEMO_BC0$DOTNETCOLORPICKERDEMO_BC0:DCTKILL@F
  4077C0 DOTNETCOLORPICKERDEMO_BC0$DOTNETCOLORPICKERDEMO_BC0:DCTINIT@F
  4077C4 DCTKILL@F
  4077CC DCTINIT@F
  4077D8 _main
  407870 DESTRUCT@F10DICTIONARY
  407878 CONSTRUCT@F10DICTIONARY
  407B1C __thr_inst0
  408000 $DEFAULTERRORS
  4092B4 TYPE$COLORMAP
  4092E0 TCB$COLORMAP
  409460 STDERRORFILE$TYPE$RECORD
  409478 $STDERRORFILE
  4094F4 TYPE$PNQ
  409514 TYPE$DEFAULTERRORS
  409794 TYPE$HISTHANDLERCLASS
  4097DC VMT$HISTHANDLERCLASS
  40980C TYPE$MSGBOXCLASS
  409A84 VMT$MSGBOXCLASS
  409B10 TYPE$ERRORCLASS
  409D6C VMT$ERRORCLASS
  409DB8 TYPE$STANDARDERRORLOGCLASS
  409DF0 VMT$STANDARDERRORLOGCLASS
  409E08 TYPE$ERRORSTATUSCLASS
  409EFC VMT$ERRORSTATUSCLASS
  409F14 TYPE$UNTHREADEDFILEOPENERMAP
  409F38 TCB$UNTHREADEDFILEOPENERMAP
  409F48 TYPE$FILESMANAGER
  409F8C VMT$FILESMANAGER
  409F98 TYPE$FILEMAPPING_T
  409FC4 TYPE$FILEMAPPING_R
  409FF4 TYPE$STATUSQ_T
  40A05C TYPE$FUZZYCLASS
  40A104 VMT$FUZZYCLASS
  40A110 TYPE$TOOLBARTARGETQUEUE
  40A12C TYPE$TOOLBARCLASS
  40A144 VMT$TOOLBARCLASS
  40A1D8 TYPE$INICLASS
  40A220 VMT$INICLASS
  40A2B0 TYPE$BUTTONLIST
  40A2D4 TYPE$COMPONENTLIST
  40A2F0 TYPE$CRITICALSECTION
  40A308 VMT$CRITICALSECTION
  40A314 TYPE$CRITICALPROCEDURE
  40A32C VMT$CRITICALPROCEDURE
  40A668 TYPE$DICTIONARY
  40A678 VMT$DICTIONARY
  40A8A8 VMTP$DICTIONARY
  40A8B8 VMTP$FILESMANAGER
  40A8C0 VMTP$INICLASS
  40A8C8 VMTP$TOOLBARCLASS
  40A8D0 VMTP$HISTHANDLERCLASS
  40A8D8 VMTP$MSGBOXCLASS
  40A8E0 VMTP$ERRORCLASS
  40A8E8 VMTP$STANDARDERRORLOGCLASS
  40A8F0 VMTP$ERRORSTATUSCLASS
  40A8F8 VMTP$FUZZYCLASS
  40A900 VMTP$CRITICALSECTION
  40A908 VMTP$CRITICALPROCEDURE
  40A910 $FUZZYMATCHER
  40BF34 $COLORMAP
  40BF6C $MULTIWINDOW
  40BF70 $TXTWINDOW
  40BF74 $WINDOW
  40BF78 STDERRORFILE$RECORD
  40C378 $UNTHREADEDFILEOPENERMAP
  40C380 $CREATEOPENERCRIT
  40C490 $GLOBALERRORS
  40C4C4 $INIMGR
  40D0B0 $GLOBALERRORSTATUS
  40E3D4 $GLOBALREQUEST
  40E3D8 $GLOBALRESPONSE
  40E3DC $VCRREQUEST
  40E3E0 $DICTIONARY
  40E3E4 $FILESMANAGER
  40E3FC $SZDBTEXTLOG
  40F000 __import_section_start
  40FE14 __import_section_end

Imports
ClaASC.dll:ASCII 40F058
ClaOLE.dll:Cla$HookOle 40F078
ClaOLE.dll:OcxGetParamCount 40F07C,401000
ClaOLE.dll:OcxRegisterEventProc 40F080,401008
ClaOLE.dll:OcxRegisterPropChange 40F084,401010
ClaOLE.dll:OcxRegisterPropEdit 40F088,401018
ClaRUN.dll:Cla$ACCEPTED 40F26C,401020
ClaRUN.dll:Cla$ADDqueue 40F270
ClaRUN.dll:Cla$AssignRefUfo 40F274
ClaRUN.dll:Cla$BEEP 40F278,401028
ClaRUN.dll:Cla$CLEAR 40F27C
ClaRUN.dll:Cla$CLOCK 40F280,401030
ClaRUN.dll:Cla$CLOSEwindow 40F284,401038
ClaRUN.dll:Cla$code 40F288
ClaRUN.dll:Cla$comparestr 40F28C
ClaRUN.dll:Cla$DecDistinct 40F290
ClaRUN.dll:Cla$DecDistinctR 40F294
ClaRUN.dll:Cla$DELETEqueue 40F298,401040
ClaRUN.dll:Cla$DELETEREG 40F29C,401048
ClaRUN.dll:Cla$DISABLE 40F2A0,401050
ClaRUN.dll:Cla$DISPLAY 40F2A4,401058
ClaRUN.dll:Cla$DISPOSEqueue 40F2A8
ClaRUN.dll:Cla$DISPOSEref 40F2AC
ClaRUN.dll:Cla$Dlongpower 40F2B0
ClaRUN.dll:Cla$DPopLong 40F2B4
ClaRUN.dll:Cla$DPushLong 40F2B8
ClaRUN.dll:Cla$ENABLE 40F2BC,401060
ClaRUN.dll:Cla$EndEventLoop 40F2C0
ClaRUN.dll:Cla$ERRORCODE 40F2C4,401068
ClaRUN.dll:Cla$EVENT 40F2C8,401070
ClaRUN.dll:Cla$FIELD 40F2CC,401078
ClaRUN.dll:Cla$FILEERRORCODE 40F2D0,401080
ClaRUN.dll:Cla$FILEERRORMSG 40F2D4,401088
ClaRUN.dll:Cla$FileExists 40F2D8,401090
ClaRUN.dll:Cla$FILE_ADDf 40F2DC
ClaRUN.dll:Cla$FILE_CLOSE 40F2E0,401098
ClaRUN.dll:Cla$FILE_CREATE 40F2E4
ClaRUN.dll:CLA$FILE_DESTROY 40F2E8
ClaRUN.dll:Cla$FILE_NAME 40F2EC,4010A0
ClaRUN.dll:Cla$FILE_OPEN 40F2F0,4010A8
ClaRUN.dll:Cla$FILE_POSITIONf 40F2F4,4010B0
ClaRUN.dll:Cla$FILE_POSITIONk 40F2F8,4010B8
ClaRUN.dll:Cla$FILE_REGETf 40F2FC,4010C0
ClaRUN.dll:Cla$FILE_REGETk 40F300,4010C8
ClaRUN.dll:Cla$FOCUS 40F304,4010D0
ClaRUN.dll:Cla$FREEqueue 40F308
ClaRUN.dll:Cla$FREEqueuea 40F30C,4010D8
ClaRUN.dll:Cla$freestr 40F310
ClaRUN.dll:Cla$FreeUfo 40F314
ClaRUN.dll:Cla$freewindow 40F318
ClaRUN.dll:Cla$GETINI 40F31C,4010E0
ClaRUN.dll:Cla$GetPropS 40F320
ClaRUN.dll:Cla$GETqueuekey 40F324,4010E8
ClaRUN.dll:Cla$GETqueueptr 40F328
ClaRUN.dll:Cla$GETREG 40F32C,4010F0
ClaRUN.dll:Cla$HALT 40F330,4010F8
ClaRUN.dll:Cla$init 40F334
ClaRUN.dll:Cla$INSTANCE 40F338,401100
ClaRUN.dll:Cla$KEYCODE 40F33C,401108
ClaRUN.dll:Cla$longtostr 40F340
ClaRUN.dll:Cla$Mem2Ufo 40F344
ClaRUN.dll:Cla$MessageBox 40F348,401110
ClaRUN.dll:Cla$NewMemB 40F34C
ClaRUN.dll:Cla$NewMemT 40F350
ClaRUN.dll:Cla$NEWqueue 40F354
ClaRUN.dll:Cla$NOTIFICATION 40F358,401118
ClaRUN.dll:Cla$OPENowned 40F35C,401120
ClaRUN.dll:Cla$OPENwindow 40F360,401128
ClaRUN.dll:Cla$POINTERqueue 40F364,401130
ClaRUN.dll:Cla$PopAString 40F368
ClaRUN.dll:Cla$PopBind 40F36C,401138
ClaRUN.dll:Cla$PopCString 40F370
ClaRUN.dll:Cla$PopString 40F374
ClaRUN.dll:Cla$PopTemp 40F378
ClaRUN.dll:Cla$POST 40F37C,401140
ClaRUN.dll:Cla$PushAString 40F380
ClaRUN.dll:Cla$PushBind 40F384,401148
ClaRUN.dll:Cla$PushCString 40F388
ClaRUN.dll:Cla$PushLong 40F38C
ClaRUN.dll:Cla$PushPictLong 40F390
ClaRUN.dll:Cla$PushString 40F394
ClaRUN.dll:Cla$PushUfo 40F398
ClaRUN.dll:Cla$PUTINI 40F39C,401150
ClaRUN.dll:Cla$PUTqueue 40F3A0
ClaRUN.dll:Cla$PUTREG 40F3A4,401158
ClaRUN.dll:Cla$pwopen 40F3A8,401160
ClaRUN.dll:Cla$RECORDSqueue 40F3AC,401168
ClaRUN.dll:Cla$RefAssignAny 40F3B0
ClaRUN.dll:Cla$SELECT 40F3B4,401170
ClaRUN.dll:Cla$SETCURSOR 40F3B8,401178
ClaRUN.dll:Cla$SETKEYCODE 40F3BC,401180
ClaRUN.dll:Cla$SetPropS 40F3C0
ClaRUN.dll:Cla$SetPropV 40F3C4
ClaRUN.dll:Cla$Stack2DStack 40F3C8
ClaRUN.dll:Cla$Stack2Ufo 40F3CC
ClaRUN.dll:Cla$StackCLIP 40F3D0,401188
ClaRUN.dll:Cla$StackCompareN 40F3D4
ClaRUN.dll:Cla$StackCompareNEQ 40F3D8
ClaRUN.dll:Cla$StackConcat 40F3DC
ClaRUN.dll:Cla$StackConcatR 40F3E0
ClaRUN.dll:Cla$StackErrstr 40F3E4,401190
ClaRUN.dll:Cla$StackHeap 40F3E8
ClaRUN.dll:Cla$StackINSTRING 40F3EC,401198
ClaRUN.dll:Cla$StackLen 40F3F0,4011A0
ClaRUN.dll:Cla$STACKpop 40F3F4
ClaRUN.dll:Cla$StackRotate 40F3F8
ClaRUN.dll:Cla$StackSUB 40F3FC,4011A8
ClaRUN.dll:Cla$StackUPPER 40F400,4011B0
ClaRUN.dll:Cla$StartEventLoop 40F404
ClaRUN.dll:Cla$storecstr 40F408
ClaRUN.dll:Cla$storestr 40F40C
ClaRUN.dll:Cla$THREAD 40F410,4011B8
ClaRUN.dll:Cla$TODAY 40F414,4011C0
ClaRUN.dll:Cla$UNHIDE 40F418,4011C8
ClaRUN.dll:Cla$UNREGISTEREVENT 40F41C,4011D0
ClaRUN.dll:Cla$WHAT 40F420,4011D8
ClaRUN.dll:Cla$YIELD 40F424,4011E0
ClaRUN.dll:NewCriticalSection 40F428,4011E8
ClaRUN.dll:THR$GetInstance 40F42C,4011F0
ClaRUN.dll:_exit 40F430,4011F8
ClaRUN.dll:_free 40F434
ClaRUN.dll:_malloc 40F438
ClaRUN.dll:__sysinit 40F43C,401200
ClaRUN.dll:__sysstart 40F440,401208



Entry Point:   407888